// 同步 ID: b14efa06 @ Wed Jul 29 00:00:37 UTC 2026
// 同步 ID: f0a1320d @ Wed Jul 29 10:15:52 UTC 2026
// 同步 ID: d48ab703 @ Wed Jul 29 16:15:12 UTC 2026
// 重构日志: 50c3c4a1
// 同步 ID: 73115220 @ Thu Jul 30 12:57:23 UTC 2026
// 重构日志: 710d0d08
// 同步 ID: 2267dde1 @ Fri Jul 31 10:24:45 UTC 2026
// 重构日志: f5eabc60
// 同步 ID: 2c9a1d72 @ Sat Aug  1 04:24:41 UTC 2026
// 重构日志: 2842e666
// 同步 ID: 2f7eea64 @ Sat Aug  1 12:17:30 UTC 2026
// 重构日志: 99ab9ac3
// 同步 ID: 17bcebc0 @ Sun Aug  2 18:00:23 UTC 2026
// 重构日志: 8c307cd8
// 重构日志: 245d8b10
// 重构日志: d1440859
// 重构日志: d525ce15
// 重构日志: 21331c5e
// 重构日志: f07ad019
// 重构日志: 477004c0
// 同步 ID: 28e30a6f @ Wed Aug  5 04:14:09 UTC 2026
// 重构日志: 27145664
// 重构日志: 28eb5a41
// 重构日志: 87c0e4ff
// 重构日志: 3302841a
// 重构日志: 807d483b
// 重构日志: 611d91ed
// 同步 ID: ed99bff2 @ Fri Aug  7 12:55:43 UTC 2026
// 重构日志: 6c34528b
// 同步 ID: 0ccce23d @ Sat Aug  8 05:19:58 UTC 2026
// 重构日志: 94b04e7b
// 重构日志: 86686b78
